2026/09/12 01:42:57 [main] 已恢复保存的会话 token 01108017...
2026/09/12 01:42:57 [scheduler] 已启动，轮询间隔 300ms（课程探测节流 30 秒），窗口开启时间 2026-09-13 09:00:00
2026/09/12 01:42:57 [main] 至道选课自动化服务启动: http://localhost:3091
2026/09/12 02:41:06 [scheduler] 查询课程失败: Post "https://www.zhidao.fj.cn/electives/select/findElectivesData?idToken=***REMOVED***": context deadline exceeded (Client.Timeout exceeded while awaiting headers)
2026/09/12 02:41:09 [scheduler] 查询课程失败: Post "https://www.zhidao.fj.cn/electives/select/findElectivesData?idToken=***REMOVED***": dial tcp 59.57.13.115:443: connectex: An established connection was aborted by the software in your host machine.
2026/09/12 02:41:09 [scheduler] 查询课程失败: Post "https://www.zhidao.fj.cn/electives/select/findElectivesData?idToken=***REMOVED***": dial tcp: lookup www.zhidao.fj.cn: no such host
2026/09/12 02:41:10 [scheduler] 查询课程失败: Post "https://www.zhidao.fj.cn/electives/select/findElectivesData?idToken=***REMOVED***": dial tcp: lookup www.zhidao.fj.cn: no such host
2026/09/12 02:41:10 [scheduler] 查询课程失败: Post "https://www.zhidao.fj.cn/electives/select/findElectivesData?idToken=***REMOVED***": dial tcp: lookup www.zhidao.fj.cn: no such host
2026/09/12 02:41:10 [scheduler] 查询课程失败: Post "https://www.zhidao.fj.cn/electives/select/findElectivesData?idToken=***REMOVED***": dial tcp: lookup www.zhidao.fj.cn: no such host
2026/09/12 02:41:11 [scheduler] 查询课程失败: Post "https://www.zhidao.fj.cn/electives/select/findElectivesData?idToken=***REMOVED***": dial tcp: lookup www.zhidao.fj.cn: no such host
2026/09/12 02:41:11 [scheduler] 查询课程失败: Post "https://www.zhidao.fj.cn/electives/select/findElectivesData?idToken=***REMOVED***": dial tcp: lookup www.zhidao.fj.cn: no such host
2026/09/12 02:41:11 [scheduler] 查询课程失败: Post "https://www.zhidao.fj.cn/electives/select/findElectivesData?idToken=***REMOVED***": dial tcp: lookup www.zhidao.fj.cn: no such host
2026/09/12 02:41:11 [scheduler] 查询课程失败: Post "https://www.zhidao.fj.cn/electives/select/findElectivesData?idToken=***REMOVED***": dial tcp: lookup www.zhidao.fj.cn: no such host
2026/09/12 02:41:12 [scheduler] 查询课程失败: Post "https://www.zhidao.fj.cn/electives/select/findElectivesData?idToken=***REMOVED***": dial tcp: lookup www.zhidao.fj.cn: no such host
2026/09/12 02:41:12 [scheduler] 查询课程失败: Post "https://www.zhidao.fj.cn/electives/select/findElectivesData?idToken=***REMOVED***": dial tcp: lookup www.zhidao.fj.cn: no such host
2026/09/12 02:41:12 [scheduler] 查询课程失败: Post "https://www.zhidao.fj.cn/electives/select/findElectivesData?idToken=***REMOVED***": dial tcp: lookup www.zhidao.fj.cn: no such host
2026/09/12 02:41:13 [scheduler] 查询课程失败: Post "https://www.zhidao.fj.cn/electives/select/findElectivesData?idToken=***REMOVED***": dial tcp: lookup www.zhidao.fj.cn: no such host
2026/09/12 02:41:13 [scheduler] 查询课程失败: Post "https://www.zhidao.fj.cn/electives/select/findElectivesData?idToken=***REMOVED***": dial tcp: lookup www.zhidao.fj.cn: no such host
2026/09/12 02:41:13 [scheduler] 查询课程失败: Post "https://www.zhidao.fj.cn/electives/select/findElectivesData?idToken=***REMOVED***": dial tcp: lookup www.zhidao.fj.cn: no such host
2026/09/12 02:41:14 [scheduler] 查询课程失败: Post "https://www.zhidao.fj.cn/electives/select/findElectivesData?idToken=***REMOVED***": dial tcp: lookup www.zhidao.fj.cn: no such host
2026/09/12 02:41:14 [scheduler] 查询课程失败: Post "https://www.zhidao.fj.cn/electives/select/findElectivesData?idToken=***REMOVED***": dial tcp: lookup www.zhidao.fj.cn: no such host
2026/09/12 02:41:33 [scheduler] 查询课程失败: Post "https://www.zhidao.fj.cn/electives/select/findElectivesData?idToken=***REMOVED***": read tcp 192.168.2.4:61402->59.57.13.115:443: wsarecv: An established connection was aborted by the software in your host machine.
2026/09/12 02:41:33 [scheduler] 查询课程失败: Post "https://www.zhidao.fj.cn/electives/select/findElectivesData?idToken=***REMOVED***": dial tcp: lookup www.zhidao.fj.cn: no such host
2026/09/12 02:41:33 [scheduler] 查询课程失败: Post "https://www.zhidao.fj.cn/electives/select/findElectivesData?idToken=***REMOVED***": dial tcp: lookup www.zhidao.fj.cn: no such host
2026/09/12 02:41:35 [scheduler] 查询课程失败: Post "https://www.zhidao.fj.cn/electives/select/findElectivesData?idToken=***REMOVED***": dial tcp: lookup www.zhidao.fj.cn: no such host
2026/09/12 02:41:35 [scheduler] 查询课程失败: Post "https://www.zhidao.fj.cn/electives/select/findElectivesData?idToken=***REMOVED***": dial tcp: lookup www.zhidao.fj.cn: no such host
2026/09/12 02:41:35 [scheduler] 查询课程失败: Post "https://www.zhidao.fj.cn/electives/select/findElectivesData?idToken=***REMOVED***": dial tcp: lookup www.zhidao.fj.cn: no such host
2026/09/12 02:41:36 [scheduler] 查询课程失败: Post "https://www.zhidao.fj.cn/electives/select/findElectivesData?idToken=***REMOVED***": dial tcp: lookup www.zhidao.fj.cn: no such host
